// Jest Snapshot v1, https://goo.gl/fbAQLP

exports[`Find the route by the location. 1`] = `
Route {
  "component": undefined,
  "isAbstract": false,
  "matchPattern": "/",
  "matchReg": /\\^\\\\/\\$/,
  "name": "home",
  "onEnter": undefined,
  "parents": Array [],
  "resolve": Object {},
  "uri": "/",
  "uriParamKeys": Array [],
  "uriTemplate": "/",
}
`;

exports[`Get the current route. 1`] = `
Route {
  "component": undefined,
  "isAbstract": false,
  "matchPattern": "/",
  "matchReg": /\\^\\\\/\\$/,
  "name": "home",
  "onEnter": undefined,
  "parents": Array [],
  "resolve": Object {},
  "uri": "/",
  "uriParamKeys": Array [],
  "uriTemplate": "/",
}
`;
