// Jest Snapshot v1, https://goo.gl/fbAQLP

exports[`Initial Route with a parent. 1`] = `
Route {
  "component": undefined,
  "isAbstract": false,
  "loadComponent": undefined,
  "matchPattern": "/dashboard",
  "matchReg": /\\^\\\\/dashboard\\$/,
  "name": "web.dashboard",
  "onEnter": undefined,
  "parents": Array [
    Route {
      "component": undefined,
      "isAbstract": false,
      "loadComponent": undefined,
      "matchPattern": "/",
      "matchReg": /\\^\\\\/\\$/,
      "name": "web",
      "onEnter": undefined,
      "parents": Array [],
      "resolve": Object {},
      "uri": "/",
      "uriParamKeys": Array [],
      "uriTemplate": "/",
    },
  ],
  "resolve": Object {},
  "uri": "dashboard",
  "uriParamKeys": Array [],
  "uriTemplate": "/dashboard",
}
`;

exports[`Initial Route without a parent. 1`] = `
Route {
  "component": [Function],
  "isAbstract": false,
  "loadComponent": undefined,
  "matchPattern": "/users/([\\\\w-]{20})/projects",
  "matchReg": /\\^\\\\/users\\\\/\\(\\[\\\\w-\\]\\{20\\}\\)\\\\/projects\\$/,
  "name": "web",
  "onEnter": undefined,
  "parents": Array [],
  "resolve": Object {
    "projects": [Function],
    "user": [Function],
  },
  "uri": "/users/{userId:[\\\\w-]{20}}/projects?index",
  "uriParamKeys": Array [
    "userId",
    "?index",
  ],
  "uriTemplate": "/users/{userId}/projects",
}
`;
